// Jest Snapshot v1, https://goo.gl/fbAQLP

exports[`<App /> renders correctly 1`] = `
<div
  className="App"
>
  <header
    className="App-header"
  >
    <h1>
      RESTy
    </h1>
  </header>
  <div
    className="Form"
  >
    <form>
      <input
        id="apiurl"
        name="urlpath"
        onChange={[Function]}
        placeholder="api url path"
        type="text"
      />
      <div
        className="RESTmethods"
      >
        <span>
          GET
        </span>
        <span>
          POST
        </span>
        <span>
          PUT
        </span>
        <span>
          DELETE
        </span>
        <button
          onClick={[Function]}
        >
          Go!
        </button>
      </div>
      <article
        className="results"
      >
        results:
        <div>
          null
        </div>
      </article>
    </form>
  </div>
  <footer>
    Codefellows JS 401d34 Lab 28 Kevin Dreyer
  </footer>
</div>
`;
